// Jest Snapshot v1, https://goo.gl/fbAQLP

exports[`should shallow match snapshot 1`] = `ShallowWrapper {}`;
