// Jest Snapshot v1, https://goo.gl/fbAQLP

exports[`should shallow match snapshot CardList 1`] = `ShallowWrapper {}`;
