// Jest Snapshot v1, https://goo.gl/fbAQLP

exports[`should shallow match snapshot Counterbutton 1`] = `ShallowWrapper {}`;
