// Jest Snapshot v1, https://goo.gl/fbAQLP

exports[`should render main page 1`] = `ShallowWrapper {}`;
